1 0.476 21 / 28
2 0.48 22 / 28
3 0.475 23 / 28
4 0.297 8 / 8
5 0.333 8 / 8
6 0.421 8 / 8
7 0.429 22 / 24
8 0.227 31 / 36
9 0.423 23 / 28
10 0.458 22 / 28
11 0.426 21 / 24
12 0.411 21 / 24
13 0.303 8 / 8
14 0.325 8 / 8
15 0.313 8 / 8
16 0.434 14 / 18
17 0.433 13 / 18
18 0.421 4 / 4
19 0.615 24 / 28
20 0.415 14 / 18
21 0.414 13 / 18
22 0.416 4 / 4
23 0.418 14 / 18
24 0.607 24 / 28
25 0.701 4 / 4
26 0.622 23 / 28
27 0.665 4 / 4
28 0.679 4 / 4
29 0.614 24 / 28
30 0.607 23 / 28
31 0.602 24 / 28
32 0.602 24 / 28
33 0.265 8 / 8
34 0.552 12 / 12
35 0.441 12 / 12
36 0.262 12 / 16
37 0.392 4 / 4
38 0.404 4 / 4
39 0.425 4 / 4
40 0.463 4 / 4
41 0.446 4 / 4
42 0.385 4 / 4
43 0.441 4 / 4
44 0.374 4 / 4
45 0.401 4 / 4
46 0.419 4 / 4
47 0.414 4 / 4
48 0.435 4 / 4
49 0.402 4 / 4
50 0.459 4 / 4
51 0.439 4 / 4
52 0.436 4 / 4
1 0.476 23 / 32
2 0.48 26 / 32
3 0.475 27 / 32
4 0.297 8 / 8
5 0.333 8 / 8
6 0.421 8 / 8
7 0.429 24 / 26
8 0.227 31 / 36
9 0.423 25 / 32
10 0.458 23 / 32
11 0.426 23 / 26
12 0.411 23 / 26
13 0.303 8 / 8
14 0.325 8 / 8
15 0.313 8 / 8
16 0.434 14 / 18
17 0.433 13 / 18
18 0.421 4 / 4
19 0.615 24 / 28
20 0.415 14 / 18
21 0.414 13 / 18
22 0.416 4 / 4
23 0.418 14 / 18
24 0.607 24 / 28
25 0.701 4 / 4
26 0.622 23 / 28
27 0.665 4 / 4
28 0.679 4 / 4
29 0.614 24 / 28
30 0.607 23 / 28
31 0.602 24 / 28
32 0.602 24 / 28
33 0.265 8 / 8
34 0.552 8 / 8
35 0.441 8 / 8
36 0.262 12 / 16
37 0.392 4 / 4
38 0.404 4 / 4
39 0.425 4 / 4
40 0.463 4 / 4
41 0.446 4 / 4
42 0.385 4 / 4
43 0.441 4 / 4
44 0.374 4 / 4
45 0.401 4 / 4
46 0.419 4 / 4
47 0.414 4 / 4
48 0.435 4 / 4
49 0.402 4 / 4
50 0.459 4 / 4
51 0.439 4 / 4
52 0.436 4 / 4
