1 0.476 23 / 32
2 0.48 26 / 32
3 0.475 27 / 32
4 0.297 20 / 20
5 0.333 20 / 20
6 0.421 20 / 20
7 0.429 24 / 26
8 0.227 31 / 36
9 0.423 25 / 32
10 0.458 23 / 32
11 0.426 23 / 26
12 0.411 23 / 26
13 0.303 20 / 20
14 0.325 20 / 20
15 0.313 20 / 20
16 0.434 23 / 28
17 0.433 22 / 28
18 0.421 24 / 24
19 0.615 32 / 36
20 0.415 22 / 28
21 0.414 21 / 28
22 0.416 24 / 24
23 0.418 23 / 28
24 0.607 32 / 36
25 0.701 20 / 20
26 0.622 31 / 36
27 0.665 20 / 20
28 0.679 20 / 20
29 0.614 32 / 36
30 0.607 31 / 36
31 0.602 32 / 36
32 0.602 32 / 36
33 0.265 20 / 20
34 0.552 24 / 24
35 0.441 24 / 24
36 0.262 28 / 32
37 0.392 24 / 24
38 0.404 24 / 24
39 0.425 24 / 24
40 0.463 23 / 24
41 0.446 24 / 24
42 0.385 24 / 24
43 0.441 24 / 24
44 0.374 24 / 24
45 0.401 24 / 24
46 0.419 24 / 24
47 0.414 24 / 24
48 0.435 24 / 24
49 0.402 24 / 24
50 0.459 24 / 24
51 0.439 24 / 24
52 0.436 24 / 24
{"stage": "final-artifact-audit", "summary": {"status": "pass-with-local-exclusions", "towerCount": 52, "canonicalCount": 14, "canonicalWindows": 382, "expandedWindows": 1378, "productionWindows": 1265, "qaRejectedWindows": 113, "unresolvedRooms": 0, "floorIssues": 1, "unchangedTransforms": 52, "maxRmseMetres": 0.7011428981701715, "calloutArtifactsChecked": 170, "calloutCollisions": 0}}
{"stage": "final-artifact-audit", "summary": {"status": "pass-with-local-exclusions", "towerCount": 52, "canonicalCount": 14, "canonicalWindows": 382, "expandedWindows": 1378, "productionWindows": 1265, "qaRejectedWindows": 113, "unresolvedRooms": 0, "floorIssues": 1, "unchangedTransforms": 52, "maxRmseMetres": 0.7011428981701715, "calloutArtifactsChecked": 170, "calloutCollisions": 0}}
{"time": "2026-09-13T18:04:06.438854+00:00", "stage": "complete", "tests": {"command": "npm test", "passed": 103, "failed": 0, "log": "tests.log"}, "build": {"command": "npm run build", "status": "pass", "log": "build.log"}, "uiValidation": {"status": "pass", "url": "http://127.0.0.1:5174/", "checks": ["City One dropdown exposes Towers 1\u201352", "Tower 37 A 3/F loads three windows", "Bedroom 1 selection displays footprint, camera dot and outward arrow on OSM", "Estate overview displays updated counts for all 52 towers"], "otherEstateDataUnchangedFromHEAD": true}}
